180.97.61.253 - - [25/Jun/2018:23:35:06 -0500] "GET /node_modules/bootstrap/dist/css/bootstrap.css HTTP/1.1" 200 21996 "https://alexandereconomy.com/" "Mozilla/5.0 (Windows NT 6.1; Win64; x64) AppleWebKit/537.36 (KHTML, like Gecko) Chrome/63.0.3239.84 Safari/537.36"
180.97.61.253 - - [25/Jun/2018:23:35:06 -0500] "GET /node_modules/bootstrap/dist/img/background/black-thread.png HTTP/1.1" 200 1125 "https://alexandereconomy.com/node_modules/bootstrap/dist/css/general.css" "Mozilla/5.0 (Windows NT 6.1; Win64; x64) AppleWebKit/537.36 (KHTML, like Gecko) Chrome/63.0.3239.84 Safari/537.36"
119.188.64.4 - - [26/Jun/2018:00:44:44 -0500] "GET / HTTP/1.1" 301 589 "-" "Mozilla/5.0 (Windows NT 6.1; Win64; x64) AppleWebKit/537.36 (KHTML, like Gecko) Chrome/63.0.3239.84 Safari/537.36"
119.188.64.4 - - [26/Jun/2018:00:44:45 -0500] "GET / HTTP/1.1" 200 4225 "-" "Mozilla/5.0 (Windows NT 6.1; Win64; x64) AppleWebKit/537.36 (KHTML, like Gecko) Chrome/63.0.3239.84 Safari/537.36"
119.188.64.4 - - [26/Jun/2018:00:44:45 -0500] "GET /node_modules/bootstrap/dist/css/general.css HTTP/1.1" 200 3801 "https://alexandereconomy.com/" "Mozilla/5.0 (Windows NT 6.1; Win64; x64) AppleWebKit/537.36 (KHTML, like Gecko) Chrome/63.0.3239.84 Safari/537.36"
119.188.64.4 - - [26/Jun/2018:00:44:45 -0500] "GET /node_modules/bootstrap/dist/css/animate.css HTTP/1.1" 200 4923 "https://alexandereconomy.com/" "Mozilla/5.0 (Windows NT 6.1; Win64; x64) AppleWebKit/537.36 (KHTML, like Gecko) Chrome/63.0.3239.84 Safari/537.36"
119.188.64.4 - - [26/Jun/2018:00:44:45 -0500] "GET /node_modules/bootstrap/dist/css/bootstrap.css HTTP/1.1" 200 21843 "https://alexandereconomy.com/" "Mozilla/5.0 (Windows NT 6.1; Win64; x64) AppleWebKit/537.36 (KHTML, like Gecko) Chrome/63.0.3239.84 Safari/537.36"
119.188.64.4 - - [26/Jun/2018:00:44:46 -0500] "GET /node_modules/bootstrap/dist/img/background/black-thread.png HTTP/1.1" 200 1125 "https://alexandereconomy.com/node_modules/bootstrap/dist/css/general.css" "Mozilla/5.0 (Windows NT 6.1; Win64; x64) AppleWebKit/537.36 (KHTML, like Gecko) Chrome/63.0.3239.84 Safari/537.36"
164.52.24.162 - - [26/Jun/2018:04:27:56 -0500] "GET / HTTP/1.0" 400 0 "-" "-"
91.210.147.87 - - [26/Jun/2018:09:45:49 -0500] "GET / HTTP/1.1" 301 589 "http://alexandereconomy.com" "Mozilla/5.0 (Windows NT 6.1; WOW64) AppleWebKit/537.36 (KHTML, like Gecko) Chrome/31.0.1650.57 Safari/537.36"
91.210.147.87 - - [26/Jun/2018:09:45:51 -0500] "GET / HTTP/1.1" 200 4031 "http://alexandereconomy.com" "Mozilla/5.0 (Windows NT 6.1; WOW64) AppleWebKit/537.36 (KHTML, like Gecko) Chrome/31.0.1650.57 Safari/537.36"
91.210.147.87 - - [26/Jun/2018:09:46:03 -0500] "GET /blog/ HTTP/1.1" 301 599 "http://alexandereconomy.com/blog/" "Mozilla/5.0 (Windows NT 6.1; WOW64) AppleWebKit/537.36 (KHTML, like Gecko) Chrome/31.0.1650.57 Safari/537.36"
91.210.147.87 - - [26/Jun/2018:09:46:05 -0500] "GET /blog/ HTTP/1.1" 404 715 "http://alexandereconomy.com/blog/" "Mozilla/5.0 (Windows NT 6.1; WOW64) AppleWebKit/537.36 (KHTML, like Gecko) Chrome/31.0.1650.57 Safari/537.36"
74.82.47.3 - - [26/Jun/2018:09:48:38 -0500] "GET / HTTP/1.1" 200 4211 "-" "-"
13.57.233.99 - - [26/Jun/2018:12:53:33 -0500] "GET / HTTP/1.1" 200 3959 "-" "Mozilla/5.0 (Macintosh; Intel Mac OS X 10_12_6) AppleWebKit/537.36 (KHTML, like Gecko) Chrome/61.0.3163.100 Safari/537.36"
80.93.187.145 - - [26/Jun/2018:14:47:43 -0500] "GET / HTTP/1.1" 301 533 "-" "Mozilla/5.0 (Windows NT 10.0; Win64; x64) AppleWebKit/537.36 (KHTML, like Gecko) Chrome/67.0.3396.87 Safari/537.36"
80.93.187.145 - - [26/Jun/2018:14:47:44 -0500] "GET / HTTP/1.1" 200 3964 "-" "Mozilla/5.0 (Windows NT 10.0; Win64; x64) AppleWebKit/537.36 (KHTML, like Gecko) Chrome/67.0.3396.87 Safari/537.36"
168.1.128.36 - - [26/Jun/2018:20:20:50 -0500] "GET / HTTP/1.1\n" 400 3275 "-" "-"
178.73.215.171 - - [26/Jun/2018:20:51:02 -0500] "GET / HTTP/1.0" 200 4225 "-" "-"
209.126.136.7 - - [26/Jun/2018:22:22:04 -0500] "GET / HTTP/1.1" 200 3955 "-" "Mozilla/5.0 (Windows NT 10.0; Win64; x64) AppleWebKit/537.36 (KHTML, like Gecko) Chrome/57.0.2987.133 Safari/537.36"
52.53.201.78 - - [26/Jun/2018:23:01:03 -0500] "GET / HTTP/1.1" 301 545 "-" "Mozilla/5.0 (Macintosh; Intel Mac OS X 10_12_6) AppleWebKit/537.36 (KHTML, like Gecko) Chrome/61.0.3163.100 Safari/537.36"
52.53.201.78 - - [26/Jun/2018:23:01:03 -0500] "GET / HTTP/1.1" 200 3959 "http://www.alexandereconomy.com/" "Mozilla/5.0 (Macintosh; Intel Mac OS X 10_12_6) AppleWebKit/537.36 (KHTML, like Gecko) Chrome/61.0.3163.100 Safari/537.36"
74.82.47.2 - - [27/Jun/2018:09:36:43 -0500] "GET / HTTP/1.1" 200 4211 "-" "-"
196.52.43.90 - - [27/Jun/2018:13:38:49 -0500] "GET / HTTP/1.1\n" 400 3266 "-" "-"
54.200.181.252 - - [27/Jun/2018:14:48:44 -0500] "\n" 400 3454 "-" "-"
113.58.231.188 - - [27/Jun/2018:16:15:38 -0500] "GET / HTTP/1.0" 200 4409 "-" "-"
107.170.230.236 - - [27/Jun/2018:18:43:40 -0500] "GET / HTTP/1.1" 200 3955 "-" "Mozilla/5.0 zgrab/0.x"
52.12.199.45 - - [27/Jun/2018:18:43:58 -0500] "\n" 400 3454 "-" "-"
208.80.194.30 - - [27/Jun/2018:19:16:57 -0500] "GET / HTTP/1.1" 301 533 "-" "Mozilla/4.0 (compatible; MSIE 6.0; Windows NT 5.1; SV1; .NET CLR 1.1.4322; .NET CLR 2.0.50728)"
208.80.194.30 - - [27/Jun/2018:19:16:58 -0500] "GET / HTTP/1.1" 200 4390 "-" "Mozilla/4.0 (compatible; MSIE 6.0; Windows NT 5.1; SV1; .NET CLR 1.1.4322; .NET CLR 2.0.50728)"
34.219.201.246 - - [27/Jun/2018:19:46:58 -0500] "\n" 400 3454 "-" "-"
34.218.76.166 - - [27/Jun/2018:21:34:30 -0500] "\n" 400 3454 "-" "-"
107.170.230.95 - - [27/Jun/2018:22:17:17 -0500] "GET / HTTP/1.1" 200 3955 "-" "Mozilla/5.0 zgrab/0.x"
54.244.16.72 - - [27/Jun/2018:23:29:04 -0500] "\n" 400 3454 "-" "-"
54.188.196.18 - - [28/Jun/2018:00:36:43 -0500] "\n" 400 3454 "-" "-"
34.220.86.127 - - [28/Jun/2018:02:36:21 -0500] "\n" 400 3454 "-" "-"
34.209.101.227 - - [28/Jun/2018:03:54:08 -0500] "\n" 400 3454 "-" "-"
139.162.116.133 - - [28/Jun/2018:08:00:23 -0500] "GET / HTTP/1.1" 200 4225 "-" "Go-http-client/1.1"
74.82.47.4 - - [28/Jun/2018:08:24:05 -0500] "GET / HTTP/1.1" 200 4211 "-" "-"
46.165.243.209 - - [28/Jun/2018:09:48:31 -0500] "GET / HTTP/1.0" 400 0 "-" "-"
139.162.78.135 - - [28/Jun/2018:11:04:33 -0500] "GET / HTTP/1.1" 200 3974 "-" "Mozilla/5.0 (Windows NT 10.0; WOW64) AppleWebKit/537.36 (KHTML, like Gecko) Chrome/45.0.2454.101 Safari/537.36"
66.249.73.85 - - [28/Jun/2018:12:52:21 -0500] "GET /robots.txt HTTP/1.1" 301 609 "-" "Mozilla/5.0 (compatible; Googlebot/2.1; +http://www.google.com/bot.html)"
66.249.73.72 - - [28/Jun/2018:12:52:21 -0500] "GET /robots.txt HTTP/1.1" 404 4039 "-" "Mozilla/5.0 (compatible; Googlebot/2.1; +http://www.google.com/bot.html)"
66.249.73.81 - - [28/Jun/2018:12:52:21 -0500] "GET / HTTP/1.1" 301 589 "-" "Mozilla/5.0 (Linux; Android 6.0.1; Nexus 5X Build/MMB29P) AppleWebKit/537.36 (KHTML, like Gecko) Chrome/41.0.2272.96 Mobile Safari/537.36 (compatible; Googlebot/2.1; +http://www.google.com/bot.html)"
66.249.73.72 - - [28/Jun/2018:12:52:22 -0500] "GET / HTTP/1.1" 200 740 "-" "Mozilla/5.0 (Linux; Android 6.0.1; Nexus 5X Build/MMB29P) AppleWebKit/537.36 (KHTML, like Gecko) Chrome/41.0.2272.96 Mobile Safari/537.36 (compatible; Googlebot/2.1; +http://www.google.com/bot.html)"
66.249.73.70 - - [28/Jun/2018:12:52:26 -0500] "GET /node_modules/bootstrap/dist/css/animate.css HTTP/1.1" 200 8393 "https://alexandereconomy.com/" "Mozilla/5.0 (Linux; Android 6.0.1; Nexus 5X Build/MMB29P) AppleWebKit/537.36 (KHTML, like Gecko) Chrome/41.0.2272.96 Mobile Safari/537.36 (compatible; Googlebot/2.1; +http://www.google.com/bot.html)"
66.249.73.72 - - [28/Jun/2018:12:52:27 -0500] "GET /node_modules/bootstrap/dist/css/general.css HTTP/1.1" 200 7271 "https://alexandereconomy.com/" "Mozilla/5.0 (Linux; Android 6.0.1; Nexus 5X Build/MMB29P) AppleWebKit/537.36 (KHTML, like Gecko) Chrome/41.0.2272.96 Mobile Safari/537.36 (compatible; Googlebot/2.1; +http://www.google.com/bot.html)"
66.249.73.72 - - [28/Jun/2018:12:52:30 -0500] "GET /favicon.ico HTTP/1.1" 404 570 "-" "Googlebot-Image/1.0"
66.249.73.81 - - [28/Jun/2018:13:53:32 -0500] "GET / HTTP/1.1" 301 589 "-" "Mozilla/5.0 (compatible; Googlebot/2.1; +http://www.google.com/bot.html)"
66.249.73.72 - - [28/Jun/2018:13:53:33 -0500] "GET / HTTP/1.1" 200 4210 "-" "Mozilla/5.0 (compatible; Googlebot/2.1; +http://www.google.com/bot.html)"
66.249.73.70 - - [28/Jun/2018:13:53:36 -0500] "GET /node_modules/bootstrap/dist/css/bootstrap.css HTTP/1.1" 200 25313 "https://alexandereconomy.com/" "Mozilla/5.0 AppleWebKit/537.36 (KHTML, like Gecko; compatible; Googlebot/2.1; +http://www.google.com/bot.html) Safari/537.36"
66.249.73.72 - - [28/Jun/2018:13:53:38 -0500] "GET /favicon.ico HTTP/1.1" 404 4040 "-" "Googlebot-Image/1.0"
66.249.65.97 - - [28/Jun/2018:16:00:33 -0500] "GET /robots.txt HTTP/1.1" 404 4059 "-" "Mozilla/5.0 (compatible; Googlebot/2.1; +http://www.google.com/bot.html)"
66.249.65.127 - - [28/Jun/2018:16:00:33 -0500] "GET /.well-known/assetlinks.json HTTP/1.1" 404 4076 "-" "Mozilla/5.0 (compatible; Googlebot/2.1; +http://www.google.com/bot.html)"
66.249.65.97 - - [28/Jun/2018:18:53:15 -0500] "GET / HTTP/1.1" 200 4226 "-" "Mozilla/5.0 (compatible; Googlebot/2.1; +http://www.google.com/bot.html)"
66.249.65.97 - - [28/Jun/2018:18:53:18 -0500] "GET /node_modules/bootstrap/dist/css/animate.css HTTP/1.1" 200 4923 "https://www.alexandereconomy.com/" "Mozilla/5.0 AppleWebKit/537.36 (KHTML, like Gecko; compatible; Googlebot/2.1; +http://www.google.com/bot.html) Safari/537.36"
169.53.184.5 - - [28/Jun/2018:19:04:00 -0500] "GET / HTTP/1.1\n" 400 3275 "-" "-"
66.249.65.127 - - [28/Jun/2018:19:27:47 -0500] "GET / HTTP/1.1" 200 4226 "-" "Mozilla/5.0 (Linux; Android 6.0.1; Nexus 5X Build/MMB29P) AppleWebKit/537.36 (KHTML, like Gecko) Chrome/41.0.2272.96 Mobile Safari/537.36 (compatible; Googlebot/2.1; +http://www.google.com/bot.html)"
66.249.65.100 - - [28/Jun/2018:19:28:05 -0500] "GET /node_modules/bootstrap/dist/css/general.css HTTP/1.1" 200 7287 "https://www.alexandereconomy.com/" "Mozilla/5.0 (Linux; Android 6.0.1; Nexus 5X Build/MMB29P) AppleWebKit/537.36 (KHTML, like Gecko) Chrome/41.0.2272.96 Mobile Safari/537.36 (compatible; Googlebot/2.1; +http://www.google.com/bot.html)"
66.249.65.100 - - [28/Jun/2018:19:28:06 -0500] "GET /node_modules/bootstrap/dist/css/bootstrap.css HTTP/1.1" 200 21843 "https://www.alexandereconomy.com/" "Mozilla/5.0 (Linux; Android 6.0.1; Nexus 5X Build/MMB29P) AppleWebKit/537.36 (KHTML, like Gecko) Chrome/41.0.2272.96 Mobile Safari/537.36 (compatible; Googlebot/2.1; +http://www.google.com/bot.html)"
66.249.65.97 - - [28/Jun/2018:19:28:06 -0500] "GET /node_modules/bootstrap/dist/css/animate.css HTTP/1.1" 200 8409 "https://www.alexandereconomy.com/" "Mozilla/5.0 (Linux; Android 6.0.1; Nexus 5X Build/MMB29P) AppleWebKit/537.36 (KHTML, like Gecko) Chrome/41.0.2272.96 Mobile Safari/537.36 (compatible; Googlebot/2.1; +http://www.google.com/bot.html)"
66.249.73.70 - - [28/Jun/2018:20:13:32 -0500] "GET /node_modules/bootstrap/dist/css/animate.css HTTP/1.1" 200 8393 "https://alexandereconomy.com/" "Mozilla/5.0 AppleWebKit/537.36 (KHTML, like Gecko; compatible; Googlebot/2.1; +http://www.google.com/bot.html) Safari/537.36"
66.249.73.70 - - [28/Jun/2018:20:13:33 -0500] "GET /node_modules/bootstrap/dist/css/bootstrap.css HTTP/1.1" 200 21843 "https://alexandereconomy.com/" "Mozilla/5.0 AppleWebKit/537.36 (KHTML, like Gecko; compatible; Googlebot/2.1; +http://www.google.com/bot.html) Safari/537.36"
66.249.73.70 - - [28/Jun/2018:20:13:34 -0500] "GET /node_modules/bootstrap/dist/css/general.css HTTP/1.1" 200 3801 "https://alexandereconomy.com/" "Mozilla/5.0 AppleWebKit/537.36 (KHTML, like Gecko; compatible; Googlebot/2.1; +http://www.google.com/bot.html) Safari/537.36"
34.220.89.133 - - [28/Jun/2018:20:14:52 -0500] "\n" 400 3454 "-" "-"
66.249.65.97 - - [28/Jun/2018:22:20:51 -0500] "GET / HTTP/1.1" 200 4226 "-" "Mozilla/5.0 (compatible; Googlebot/2.1; +http://www.google.com/bot.html)"
66.249.65.97 - - [28/Jun/2018:22:20:55 -0500] "GET /node_modules/bootstrap/dist/css/animate.css HTTP/1.1" 200 4923 "https://www.alexandereconomy.com/" "Mozilla/5.0 AppleWebKit/537.36 (KHTML, like Gecko; compatible; Googlebot/2.1; +http://www.google.com/bot.html) Safari/537.36"
66.249.65.97 - - [28/Jun/2018:22:20:55 -0500] "GET /node_modules/bootstrap/dist/css/general.css HTTP/1.1" 200 3801 "https://www.alexandereconomy.com/" "Mozilla/5.0 AppleWebKit/537.36 (KHTML, like Gecko; compatible; Googlebot/2.1; +http://www.google.com/bot.html) Safari/537.36"
66.249.65.127 - - [28/Jun/2018:22:20:56 -0500] "GET /node_modules/bootstrap/dist/css/bootstrap.css HTTP/1.1" 200 25329 "https://www.alexandereconomy.com/" "Mozilla/5.0 AppleWebKit/537.36 (KHTML, like Gecko; compatible; Googlebot/2.1; +http://www.google.com/bot.html) Safari/537.36"
66.249.65.100 - - [28/Jun/2018:22:26:08 -0500] "GET / HTTP/1.1" 200 4226 "-" "Mozilla/5.0 (Linux; Android 6.0.1; Nexus 5X Build/MMB29P) AppleWebKit/537.36 (KHTML, like Gecko) Chrome/41.0.2272.96 Mobile Safari/537.36 (compatible; Googlebot/2.1; +http://www.google.com/bot.html)"
66.249.73.81 - - [28/Jun/2018:23:52:33 -0500] "GET / HTTP/1.1" 301 589 "-" "Mozilla/5.0 (compatible; Googlebot/2.1; +http://www.google.com/bot.html)"
66.249.73.74 - - [28/Jun/2018:23:52:34 -0500] "GET / HTTP/1.1" 200 4210 "-" "Mozilla/5.0 (compatible; Googlebot/2.1; +http://www.google.com/bot.html)"
218.211.168.176 - - [29/Jun/2018:00:45:40 -0500] "GET / HTTP/1.0" 400 0 "-" "-"
54.149.112.135 - - [29/Jun/2018:03:10:15 -0500] "\n" 400 3454 "-" "-"
52.53.201.78 - - [29/Jun/2018:03:26:10 -0500] "GET / HTTP/1.1" 301 545 "-" "Mozilla/5.0 (Macintosh; Intel Mac OS X 10_12_6) AppleWebKit/537.36 (KHTML, like Gecko) Chrome/61.0.3163.100 Safari/537.36"
52.53.201.78 - - [29/Jun/2018:03:26:10 -0500] "GET / HTTP/1.1" 200 3959 "http://www.alexandereconomy.com/" "Mozilla/5.0 (Macintosh; Intel Mac OS X 10_12_6) AppleWebKit/537.36 (KHTML, like Gecko) Chrome/61.0.3163.100 Safari/537.36"
66.249.65.100 - - [29/Jun/2018:03:51:48 -0500] "GET / HTTP/1.1" 200 4226 "-" "Mozilla/5.0 (compatible; Googlebot/2.1; +http://www.google.com/bot.html)"
66.249.65.100 - - [29/Jun/2018:03:51:50 -0500] "GET /node_modules/bootstrap/dist/css/general.css HTTP/1.1" 200 3801 "https://www.alexandereconomy.com/" "Mozilla/5.0 AppleWebKit/537.36 (KHTML, like Gecko; compatible; Googlebot/2.1; +http://www.google.com/bot.html) Safari/537.36"
66.249.65.97 - - [29/Jun/2018:03:51:50 -0500] "GET /node_modules/bootstrap/dist/css/bootstrap.css HTTP/1.1" 200 25329 "https://www.alexandereconomy.com/" "Mozilla/5.0 AppleWebKit/537.36 (KHTML, like Gecko; compatible; Googlebot/2.1; +http://www.google.com/bot.html) Safari/537.36"
66.249.65.100 - - [29/Jun/2018:04:06:42 -0500] "GET /robots.txt HTTP/1.1" 404 4059 "-" "Mozilla/5.0 (compatible; Googlebot/2.1; +http://www.google.com/bot.html)"
66.249.65.127 - - [29/Jun/2018:04:06:42 -0500] "GET / HTTP/1.1" 200 4226 "-" "Mozilla/5.0 (Linux; Android 6.0.1; Nexus 5X Build/MMB29P) AppleWebKit/537.36 (KHTML, like Gecko) Chrome/41.0.2272.96 Mobile Safari/537.36 (compatible; Googlebot/2.1; +http://www.google.com/bot.html)"
66.249.73.81 - - [29/Jun/2018:05:42:19 -0500] "GET /robots.txt HTTP/1.1" 301 609 "-" "Mozilla/5.0 (compatible; Googlebot/2.1; +http://www.google.com/bot.html)"
66.249.73.74 - - [29/Jun/2018:05:42:20 -0500] "GET /robots.txt HTTP/1.1" 404 4039 "-" "Mozilla/5.0 (compatible; Googlebot/2.1; +http://www.google.com/bot.html)"
66.249.73.85 - - [29/Jun/2018:05:42:20 -0500] "GET / HTTP/1.1" 301 589 "-" "Mozilla/5.0 (compatible; Googlebot/2.1; +http://www.google.com/bot.html)"
66.249.73.74 - - [29/Jun/2018:05:42:21 -0500] "GET / HTTP/1.1" 200 740 "-" "Mozilla/5.0 (compatible; Googlebot/2.1; +http://www.google.com/bot.html)"
66.249.73.70 - - [29/Jun/2018:05:42:24 -0500] "GET /node_modules/bootstrap/dist/css/general.css HTTP/1.1" 200 7271 "https://alexandereconomy.com/" "Mozilla/5.0 AppleWebKit/537.36 (KHTML, like Gecko; compatible; Googlebot/2.1; +http://www.google.com/bot.html) Safari/537.36"
66.249.73.83 - - [29/Jun/2018:08:09:37 -0500] "GET / HTTP/1.1" 301 589 "-" "Mozilla/5.0 (compatible; Googlebot/2.1; +http://www.google.com/bot.html)"
66.249.73.70 - - [29/Jun/2018:08:09:38 -0500] "GET / HTTP/1.1" 200 4210 "-" "Mozilla/5.0 (compatible; Googlebot/2.1; +http://www.google.com/bot.html)"
66.249.73.72 - - [29/Jun/2018:08:09:42 -0500] "GET /node_modules/bootstrap/dist/css/general.css HTTP/1.1" 200 7271 "https://alexandereconomy.com/" "Mozilla/5.0 AppleWebKit/537.36 (KHTML, like Gecko; compatible; Googlebot/2.1; +http://www.google.com/bot.html) Safari/537.36"
66.249.73.70 - - [29/Jun/2018:08:09:42 -0500] "GET /node_modules/bootstrap/dist/css/animate.css HTTP/1.1" 200 4923 "https://alexandereconomy.com/" "Mozilla/5.0 AppleWebKit/537.36 (KHTML, like Gecko; compatible; Googlebot/2.1; +http://www.google.com/bot.html) Safari/537.36"
66.249.73.72 - - [29/Jun/2018:08:09:43 -0500] "GET /node_modules/bootstrap/dist/css/bootstrap.css HTTP/1.1" 200 21843 "https://alexandereconomy.com/" "Mozilla/5.0 AppleWebKit/537.36 (KHTML, like Gecko; compatible; Googlebot/2.1; +http://www.google.com/bot.html) Safari/537.36"
46.19.141.142 - - [29/Jun/2018:08:11:25 -0500] "GET / HTTP/1.1" 200 3955 "-" "Mozilla/5.0 zgrab/0.x"
66.249.65.100 - - [29/Jun/2018:08:19:41 -0500] "GET / HTTP/1.1" 200 4226 "-" "Mozilla/5.0 (compatible; Googlebot/2.1; +http://www.google.com/bot.html)"
66.249.65.100 - - [29/Jun/2018:08:19:43 -0500] "GET /node_modules/bootstrap/dist/css/animate.css HTTP/1.1" 200 4923 "https://www.alexandereconomy.com/" "Mozilla/5.0 AppleWebKit/537.36 (KHTML, like Gecko; compatible; Googlebot/2.1; +http://www.google.com/bot.html) Safari/537.36"
66.249.65.97 - - [29/Jun/2018:09:31:01 -0500] "GET / HTTP/1.1" 200 4226 "-" "Mozilla/5.0 (Linux; Android 6.0.1; Nexus 5X Build/MMB29P) AppleWebKit/537.36 (KHTML, like Gecko) Chrome/41.0.2272.96 Mobile Safari/537.36 (compatible; Googlebot/2.1; +http://www.google.com/bot.html)"
66.249.65.97 - - [29/Jun/2018:09:31:08 -0500] "GET /node_modules/bootstrap/dist/css/general.css HTTP/1.1" 200 7287 "https://www.alexandereconomy.com/" "Mozilla/5.0 (Linux; Android 6.0.1; Nexus 5X Build/MMB29P) AppleWebKit/537.36 (KHTML, like Gecko) Chrome/41.0.2272.96 Mobile Safari/537.36 (compatible; Googlebot/2.1; +http://www.google.com/bot.html)"
66.249.73.83 - - [29/Jun/2018:09:41:13 -0500] "GET / HTTP/1.1" 301 589 "-" "Mozilla/5.0 (compatible; Googlebot/2.1; +http://www.google.com/bot.html)"
66.249.73.74 - - [29/Jun/2018:09:41:14 -0500] "GET / HTTP/1.1" 200 4210 "-" "Mozilla/5.0 (compatible; Googlebot/2.1; +http://www.google.com/bot.html)"
184.105.247.252 - - [29/Jun/2018:10:06:23 -0500] "GET / HTTP/1.1" 200 4211 "-" "-"
13.57.233.99 - - [29/Jun/2018:10:22:52 -0500] "GET / HTTP/1.1" 200 3959 "-" "Mozilla/5.0 (Macintosh; Intel Mac OS X 10_12_6) AppleWebKit/537.36 (KHTML, like Gecko) Chrome/61.0.3163.100 Safari/537.36"
51.38.12.13 - - [29/Jun/2018:11:25:11 -0500] "GET / HTTP/1.1" 200 4425 "-" "Mozilla/5.0 (Windows NT 6.1) AppleWebKit/537.36 (KHTML, like Gecko) Chrome/41.0.2228.0 Safari/537.36"
66.249.73.70 - - [29/Jun/2018:11:52:51 -0500] "GET /node_modules/bootstrap/dist/css/bootstrap.css HTTP/1.1" 200 25313 "https://alexandereconomy.com/" "Mozilla/5.0 AppleWebKit/537.36 (KHTML, like Gecko; compatible; Googlebot/2.1; +http://www.google.com/bot.html) Safari/537.36"
137.226.113.27 - - [29/Jun/2018:12:16:45 -0500] "GET / HTTP/1.1" 200 3959 "-" "Mozilla/5.0 zgrab/0.x (compatible; Researchscan/t13rl; +http://researchscan.comsys.rwth-aachen.de)"
52.221.233.29 - - [29/Jun/2018:14:36:47 -0500] "GET / HTTP/1.1" 200 3974 "-" "Mozilla/5.0 zgrab/0.x"
66.249.65.97 - - [29/Jun/2018:15:28:05 -0500] "GET / HTTP/1.1" 200 4226 "-" "Mozilla/5.0 (compatible; Googlebot/2.1; +http://www.google.com/bot.html)"
66.249.65.127 - - [29/Jun/2018:15:28:09 -0500] "GET /node_modules/bootstrap/dist/css/animate.css HTTP/1.1" 200 8409 "https://www.alexandereconomy.com/" "Mozilla/5.0 AppleWebKit/537.36 (KHTML, like Gecko; compatible; Googlebot/2.1; +http://www.google.com/bot.html) Safari/537.36"
52.197.178.87 - - [29/Jun/2018:16:11:35 -0500] "GET / HTTP/1.1" 200 3974 "-" "Mozilla/5.0 (Macintosh; Intel Mac OS X 10_13_4) AppleWebKit/605.1.15 (KHTML, like Gecko) Version/11.1 Safari/605.1.15"
66.249.65.97 - - [29/Jun/2018:16:55:11 -0500] "GET /robots.txt HTTP/1.1" 404 4059 "-" "Mozilla/5.0 (compatible; Googlebot/2.1; +http://www.google.com/bot.html)"
66.249.65.127 - - [29/Jun/2018:16:55:11 -0500] "GET / HTTP/1.1" 200 4226 "-" "Mozilla/5.0 (Linux; Android 6.0.1; Nexus 5X Build/MMB29P) AppleWebKit/537.36 (KHTML, like Gecko) Chrome/41.0.2272.96 Mobile Safari/537.36 (compatible; Googlebot/2.1; +http://www.google.com/bot.html)"
66.249.65.97 - - [29/Jun/2018:16:55:25 -0500] "GET /node_modules/bootstrap/dist/css/bootstrap.css HTTP/1.1" 200 25329 "https://www.alexandereconomy.com/" "Mozilla/5.0 (Linux; Android 6.0.1; Nexus 5X Build/MMB29P) AppleWebKit/537.36 (KHTML, like Gecko) Chrome/41.0.2272.96 Mobile Safari/537.36 (compatible; Googlebot/2.1; +http://www.google.com/bot.html)"
66.249.73.83 - - [29/Jun/2018:17:15:51 -0500] "GET / HTTP/1.1" 301 589 "-" "Mozilla/5.0 (compatible; Googlebot/2.1; +http://www.google.com/bot.html)"
66.249.73.74 - - [29/Jun/2018:17:15:52 -0500] "GET / HTTP/1.1" 200 4210 "-" "Mozilla/5.0 (compatible; Googlebot/2.1; +http://www.google.com/bot.html)"
66.249.73.74 - - [29/Jun/2018:17:17:15 -0500] "GET /node_modules/bootstrap/dist/css/animate.css HTTP/1.1" 200 8393 "https://alexandereconomy.com/" "Mozilla/5.0 AppleWebKit/537.36 (KHTML, like Gecko; compatible; Googlebot/2.1; +http://www.google.com/bot.html) Safari/537.36"
139.162.113.204 - - [29/Jun/2018:19:06:55 -0500] "GET / HTTP/1.1" 200 4225 "-" "Go-http-client/1.1"
71.6.202.204 - - [29/Jun/2018:20:44:41 -0500] "GET / HTTP/1.1" 200 3955 "-" "Mozilla/5.0 (Windows NT 10.0; WOW64) AppleWebKit/537.36 (KHTML, like Gecko) Chrome/67.0.3396.99 Safari/537.36"
66.249.65.97 - - [29/Jun/2018:22:56:13 -0500] "GET / HTTP/1.1" 200 4226 "-" "Mozilla/5.0 (compatible; Googlebot/2.1; +http://www.google.com/bot.html)"
66.249.65.127 - - [29/Jun/2018:22:56:15 -0500] "GET /node_modules/bootstrap/dist/css/bootstrap.css HTTP/1.1" 200 25329 "https://www.alexandereconomy.com/" "Mozilla/5.0 AppleWebKit/537.36 (KHTML, like Gecko; compatible; Googlebot/2.1; +http://www.google.com/bot.html) Safari/537.36"
66.249.65.97 - - [29/Jun/2018:23:06:16 -0500] "GET / HTTP/1.1" 200 4226 "-" "Mozilla/5.0 (Linux; Android 6.0.1; Nexus 5X Build/MMB29P) AppleWebKit/537.36 (KHTML, like Gecko) Chrome/41.0.2272.96 Mobile Safari/537.36 (compatible; Googlebot/2.1; +http://www.google.com/bot.html)"
66.249.65.97 - - [29/Jun/2018:23:06:19 -0500] "GET /node_modules/bootstrap/dist/css/bootstrap.css HTTP/1.1" 200 21843 "https://www.alexandereconomy.com/" "Mozilla/5.0 (Linux; Android 6.0.1; Nexus 5X Build/MMB29P) AppleWebKit/537.36 (KHTML, like Gecko) Chrome/41.0.2272.96 Mobile Safari/537.36 (compatible; Googlebot/2.1; +http://www.google.com/bot.html)"
66.249.65.127 - - [29/Jun/2018:23:06:20 -0500] "GET /node_modules/bootstrap/dist/css/general.css HTTP/1.1" 200 7287 "https://www.alexandereconomy.com/" "Mozilla/5.0 (Linux; Android 6.0.1; Nexus 5X Build/MMB29P) AppleWebKit/537.36 (KHTML, like Gecko) Chrome/41.0.2272.96 Mobile Safari/537.36 (compatible; Googlebot/2.1; +http://www.google.com/bot.html)"
66.249.73.81 - - [30/Jun/2018:00:52:36 -0500] "GET /robots.txt HTTP/1.1" 301 609 "-" "Mozilla/5.0 (compatible; Googlebot/2.1; +http://www.google.com/bot.html)"
66.249.73.72 - - [30/Jun/2018:00:52:36 -0500] "GET /robots.txt HTTP/1.1" 404 4039 "-" "Mozilla/5.0 (compatible; Googlebot/2.1; +http://www.google.com/bot.html)"
66.249.73.81 - - [30/Jun/2018:00:52:36 -0500] "GET / HTTP/1.1" 301 588 "-" "Mozilla/5.0 (compatible; Googlebot/2.1; +http://www.google.com/bot.html)"
66.249.73.74 - - [30/Jun/2018:00:52:37 -0500] "GET / HTTP/1.1" 200 4210 "-" "Mozilla/5.0 (compatible; Googlebot/2.1; +http://www.google.com/bot.html)"
34.219.206.26 - - [30/Jun/2018:03:54:33 -0500] "\n" 400 3454 "-" "-"
64.246.161.30 - - [30/Jun/2018:06:05:16 -0500] "GET /robots.txt HTTP/1.0" 301 584 "-" "Mozilla/5.0 (Macintosh; Intel Mac OS X 10.10; rv:59.0) Gecko/20100101 Firefox/59.0"
64.246.161.30 - - [30/Jun/2018:06:05:17 -0500] "GET / HTTP/1.1" 301 564 "-" "Mozilla/5.0 (Macintosh; Intel Mac OS X 10.10; rv:59.0) Gecko/20100101 Firefox/59.0"
64.246.161.30 - - [30/Jun/2018:06:05:17 -0500] "GET / HTTP/1.1" 200 4430 "-" "Mozilla/5.0 (Macintosh; Intel Mac OS X 10.10; rv:59.0) Gecko/20100101 Firefox/59.0"
155.94.64.74 - - [30/Jun/2018:08:18:55 -0500] "GET / HTTP/1.1" 200 4457 "-" "-"
184.105.247.194 - - [30/Jun/2018:08:48:35 -0500] "GET / HTTP/1.1" 200 4211 "-" "-"
213.87.134.78 - - [30/Jun/2018:11:03:35 -0500] "GET /administrator/ HTTP/1.1" 301 561 "-" "Mozilla/5.0 (Windows NT 6.0; rv:34.0) Gecko/20100101 Firefox/34.0"
213.87.134.78 - - [30/Jun/2018:11:03:35 -0500] "GET /administrator/ HTTP/1.1" 404 3812 "-" "Mozilla/5.0 (Windows NT 6.0; rv:34.0) Gecko/20100101 Firefox/34.0"
213.87.134.78 - - [30/Jun/2018:11:03:36 -0500] "GET /administrator/index.php HTTP/1.1" 301 579 "https://alexandereconomy.com/administrator/" "Mozilla/5.0 (Windows NT 6.0; rv:34.0) Gecko/20100101 Firefox/34.0"
213.87.134.78 - - [30/Jun/2018:11:03:36 -0500] "GET /administrator/index.php HTTP/1.1" 404 527 "https://alexandereconomy.com/administrator/" "Mozilla/5.0 (Windows NT 6.0; rv:34.0) Gecko/20100101 Firefox/34.0"
213.87.134.78 - - [30/Jun/2018:11:13:31 -0500] "GET /wp-login.php HTTP/1.1" 301 557 "-" "Mozilla/5.0 (Windows NT 6.0; rv:34.0) Gecko/20100101 Firefox/34.0"
213.87.134.78 - - [30/Jun/2018:11:13:32 -0500] "GET /wp-login.php HTTP/1.1" 404 3810 "-" "Mozilla/5.0 (Windows NT 6.0; rv:34.0) Gecko/20100101 Firefox/34.0"
213.87.134.78 - - [30/Jun/2018:11:13:32 -0500] "GET /wp-admin/ HTTP/1.1" 301 551 "https://alexandereconomy.com/wp-login.php" "Mozilla/5.0 (Windows NT 6.0; rv:34.0) Gecko/20100101 Firefox/34.0"
213.87.134.78 - - [30/Jun/2018:11:13:32 -0500] "GET /wp-admin/ HTTP/1.1" 404 513 "https://alexandereconomy.com/wp-login.php" "Mozilla/5.0 (Windows NT 6.0; rv:34.0) Gecko/20100101 Firefox/34.0"
213.87.134.78 - - [30/Jun/2018:11:16:53 -0500] "GET /admin.php HTTP/1.1" 301 551 "-" "Mozilla/5.0 (Windows NT 6.0; rv:34.0) Gecko/20100101 Firefox/34.0"
213.87.134.78 - - [30/Jun/2018:11:16:54 -0500] "GET /admin.php HTTP/1.1" 404 3807 "-" "Mozilla/5.0 (Windows NT 6.0; rv:34.0) Gecko/20100101 Firefox/34.0"
213.87.134.78 - - [30/Jun/2018:11:17:41 -0500] "GET /admin HTTP/1.1" 301 543 "-" "Mozilla/5.0 (Windows NT 6.0; rv:34.0) Gecko/20100101 Firefox/34.0"
213.87.134.78 - - [30/Jun/2018:11:17:42 -0500] "GET /admin HTTP/1.1" 404 3803 "-" "Mozilla/5.0 (Windows NT 6.0; rv:34.0) Gecko/20100101 Firefox/34.0"
95.32.149.6 - - [30/Jun/2018:11:25:25 -0500] "GET /administrator/ HTTP/1.1" 301 561 "-" "Mozilla/5.0 (Windows NT 6.0; rv:34.0) Gecko/20100101 Firefox/34.0"
95.32.149.6 - - [30/Jun/2018:11:25:26 -0500] "GET /administrator/ HTTP/1.1" 404 3812 "-" "Mozilla/5.0 (Windows NT 6.0; rv:34.0) Gecko/20100101 Firefox/34.0"
95.32.149.6 - - [30/Jun/2018:11:25:26 -0500] "GET /administrator/index.php HTTP/1.1" 301 579 "https://alexandereconomy.com/administrator/" "Mozilla/5.0 (Windows NT 6.0; rv:34.0) Gecko/20100101 Firefox/34.0"
95.32.149.6 - - [30/Jun/2018:11:25:27 -0500] "GET /administrator/index.php HTTP/1.1" 404 527 "https://alexandereconomy.com/administrator/" "Mozilla/5.0 (Windows NT 6.0; rv:34.0) Gecko/20100101 Firefox/34.0"
95.32.149.6 - - [30/Jun/2018:11:36:23 -0500] "GET /wp-login.php HTTP/1.1" 301 557 "-" "Mozilla/5.0 (Windows NT 6.0; rv:34.0) Gecko/20100101 Firefox/34.0"
95.32.149.6 - - [30/Jun/2018:11:36:24 -0500] "GET /wp-login.php HTTP/1.1" 404 3810 "-" "Mozilla/5.0 (Windows NT 6.0; rv:34.0) Gecko/20100101 Firefox/34.0"
95.32.149.6 - - [30/Jun/2018:11:36:24 -0500] "GET /wp-admin/ HTTP/1.1" 301 551 "https://alexandereconomy.com/wp-login.php" "Mozilla/5.0 (Windows NT 6.0; rv:34.0) Gecko/20100101 Firefox/34.0"
95.32.149.6 - - [30/Jun/2018:11:36:24 -0500] "GET /wp-admin/ HTTP/1.1" 404 513 "https://alexandereconomy.com/wp-login.php" "Mozilla/5.0 (Windows NT 6.0; rv:34.0) Gecko/20100101 Firefox/34.0"
95.32.149.6 - - [30/Jun/2018:11:39:21 -0500] "GET /admin.php HTTP/1.1" 301 551 "-" "Mozilla/5.0 (Windows NT 6.0; rv:34.0) Gecko/20100101 Firefox/34.0"
95.32.149.6 - - [30/Jun/2018:11:39:22 -0500] "GET /admin.php HTTP/1.1" 404 3807 "-" "Mozilla/5.0 (Windows NT 6.0; rv:34.0) Gecko/20100101 Firefox/34.0"
95.32.149.6 - - [30/Jun/2018:11:39:58 -0500] "GET /admin HTTP/1.1" 301 543 "-" "Mozilla/5.0 (Windows NT 6.0; rv:34.0) Gecko/20100101 Firefox/34.0"
95.32.149.6 - - [30/Jun/2018:11:39:59 -0500] "GET /admin HTTP/1.1" 404 3803 "-" "Mozilla/5.0 (Windows NT 6.0; rv:34.0) Gecko/20100101 Firefox/34.0"
77.243.102.35 - - [30/Jun/2018:14:54:02 -0500] "GET /administrator/ HTTP/1.1" 301 561 "-" "Mozilla/5.0 (Windows NT 6.0; rv:34.0) Gecko/20100101 Firefox/34.0"
77.243.102.35 - - [30/Jun/2018:14:54:02 -0500] "GET /administrator/ HTTP/1.1" 404 3812 "-" "Mozilla/5.0 (Windows NT 6.0; rv:34.0) Gecko/20100101 Firefox/34.0"
77.243.102.35 - - [30/Jun/2018:14:54:03 -0500] "GET /administrator/index.php HTTP/1.1" 301 579 "https://alexandereconomy.com/administrator/" "Mozilla/5.0 (Windows NT 6.0; rv:34.0) Gecko/20100101 Firefox/34.0"
77.243.102.35 - - [30/Jun/2018:14:54:03 -0500] "GET /administrator/index.php HTTP/1.1" 404 527 "https://alexandereconomy.com/administrator/" "Mozilla/5.0 (Windows NT 6.0; rv:34.0) Gecko/20100101 Firefox/34.0"
77.243.102.35 - - [30/Jun/2018:15:05:10 -0500] "GET /wp-login.php HTTP/1.1" 301 557 "-" "Mozilla/5.0 (Windows NT 6.0; rv:34.0) Gecko/20100101 Firefox/34.0"
77.243.102.35 - - [30/Jun/2018:15:05:11 -0500] "GET /wp-login.php HTTP/1.1" 404 3810 "-" "Mozilla/5.0 (Windows NT 6.0; rv:34.0) Gecko/20100101 Firefox/34.0"
77.243.102.35 - - [30/Jun/2018:15:05:11 -0500] "GET /wp-admin/ HTTP/1.1" 301 551 "https://alexandereconomy.com/wp-login.php" "Mozilla/5.0 (Windows NT 6.0; rv:34.0) Gecko/20100101 Firefox/34.0"
77.243.102.35 - - [30/Jun/2018:15:05:12 -0500] "GET /wp-admin/ HTTP/1.1" 404 513 "https://alexandereconomy.com/wp-login.php" "Mozilla/5.0 (Windows NT 6.0; rv:34.0) Gecko/20100101 Firefox/34.0"
77.243.102.35 - - [30/Jun/2018:15:07:48 -0500] "GET /admin.php HTTP/1.1" 301 551 "-" "Mozilla/5.0 (Windows NT 6.0; rv:34.0) Gecko/20100101 Firefox/34.0"
77.243.102.35 - - [30/Jun/2018:15:07:49 -0500] "GET /admin.php HTTP/1.1" 404 3807 "-" "Mozilla/5.0 (Windows NT 6.0; rv:34.0) Gecko/20100101 Firefox/34.0"
77.243.102.35 - - [30/Jun/2018:15:08:23 -0500] "GET /admin HTTP/1.1" 301 543 "-" "Mozilla/5.0 (Windows NT 6.0; rv:34.0) Gecko/20100101 Firefox/34.0"
77.243.102.35 - - [30/Jun/2018:15:08:24 -0500] "GET /admin HTTP/1.1" 404 3803 "-" "Mozilla/5.0 (Windows NT 6.0; rv:34.0) Gecko/20100101 Firefox/34.0"
213.159.243.57 - - [30/Jun/2018:15:13:29 -0500] "GET /administrator/ HTTP/1.1" 301 561 "-" "Mozilla/5.0 (Windows NT 6.0; rv:34.0) Gecko/20100101 Firefox/34.0"
213.159.243.57 - - [30/Jun/2018:15:13:29 -0500] "GET /administrator/ HTTP/1.1" 404 3812 "-" "Mozilla/5.0 (Windows NT 6.0; rv:34.0) Gecko/20100101 Firefox/34.0"
213.159.243.57 - - [30/Jun/2018:15:13:29 -0500] "GET /administrator/index.php HTTP/1.1" 301 579 "https://alexandereconomy.com/administrator/" "Mozilla/5.0 (Windows NT 6.0; rv:34.0) Gecko/20100101 Firefox/34.0"
213.159.243.57 - - [30/Jun/2018:15:13:30 -0500] "GET /administrator/index.php HTTP/1.1" 404 527 "https://alexandereconomy.com/administrator/" "Mozilla/5.0 (Windows NT 6.0; rv:34.0) Gecko/20100101 Firefox/34.0"
213.159.243.57 - - [30/Jun/2018:15:22:53 -0500] "GET /wp-login.php HTTP/1.1" 301 557 "-" "Mozilla/5.0 (Windows NT 6.0; rv:34.0) Gecko/20100101 Firefox/34.0"
213.159.243.57 - - [30/Jun/2018:15:22:53 -0500] "GET /wp-login.php HTTP/1.1" 404 3810 "-" "Mozilla/5.0 (Windows NT 6.0; rv:34.0) Gecko/20100101 Firefox/34.0"
213.159.243.57 - - [30/Jun/2018:15:22:54 -0500] "GET /wp-admin/ HTTP/1.1" 301 551 "https://alexandereconomy.com/wp-login.php" "Mozilla/5.0 (Windows NT 6.0; rv:34.0) Gecko/20100101 Firefox/34.0"
213.159.243.57 - - [30/Jun/2018:15:22:54 -0500] "GET /wp-admin/ HTTP/1.1" 404 513 "https://alexandereconomy.com/wp-login.php" "Mozilla/5.0 (Windows NT 6.0; rv:34.0) Gecko/20100101 Firefox/34.0"
213.159.243.57 - - [30/Jun/2018:15:24:34 -0500] "GET /admin.php HTTP/1.1" 301 551 "-" "Mozilla/5.0 (Windows NT 6.0; rv:34.0) Gecko/20100101 Firefox/34.0"
213.159.243.57 - - [30/Jun/2018:15:24:35 -0500] "GET /admin.php HTTP/1.1" 404 3807 "-" "Mozilla/5.0 (Windows NT 6.0; rv:34.0) Gecko/20100101 Firefox/34.0"
213.159.243.57 - - [30/Jun/2018:15:25:02 -0500] "GET /admin HTTP/1.1" 301 543 "-" "Mozilla/5.0 (Windows NT 6.0; rv:34.0) Gecko/20100101 Firefox/34.0"
213.159.243.57 - - [30/Jun/2018:15:25:03 -0500] "GET /admin HTTP/1.1" 404 3803 "-" "Mozilla/5.0 (Windows NT 6.0; rv:34.0) Gecko/20100101 Firefox/34.0"
128.68.208.19 - - [30/Jun/2018:15:35:17 -0500] "GET /administrator/ HTTP/1.1" 301 561 "-" "Mozilla/5.0 (Windows NT 6.0; rv:34.0) Gecko/20100101 Firefox/34.0"
128.68.208.19 - - [30/Jun/2018:15:35:18 -0500] "GET /administrator/ HTTP/1.1" 404 3812 "-" "Mozilla/5.0 (Windows NT 6.0; rv:34.0) Gecko/20100101 Firefox/34.0"
128.68.208.19 - - [30/Jun/2018:15:35:18 -0500] "GET /administrator/index.php HTTP/1.1" 301 579 "https://alexandereconomy.com/administrator/" "Mozilla/5.0 (Windows NT 6.0; rv:34.0) Gecko/20100101 Firefox/34.0"
128.68.208.19 - - [30/Jun/2018:15:35:18 -0500] "GET /administrator/index.php HTTP/1.1" 404 527 "https://alexandereconomy.com/administrator/" "Mozilla/5.0 (Windows NT 6.0; rv:34.0) Gecko/20100101 Firefox/34.0"
128.68.208.19 - - [30/Jun/2018:15:41:28 -0500] "GET /wp-login.php HTTP/1.1" 301 557 "-" "Mozilla/5.0 (Windows NT 6.0; rv:34.0) Gecko/20100101 Firefox/34.0"
128.68.208.19 - - [30/Jun/2018:15:41:28 -0500] "GET /wp-login.php HTTP/1.1" 404 3810 "-" "Mozilla/5.0 (Windows NT 6.0; rv:34.0) Gecko/20100101 Firefox/34.0"
128.68.208.19 - - [30/Jun/2018:15:41:29 -0500] "GET /wp-admin/ HTTP/1.1" 301 551 "https://alexandereconomy.com/wp-login.php" "Mozilla/5.0 (Windows NT 6.0; rv:34.0) Gecko/20100101 Firefox/34.0"
128.68.208.19 - - [30/Jun/2018:15:41:29 -0500] "GET /wp-admin/ HTTP/1.1" 404 513 "https://alexandereconomy.com/wp-login.php" "Mozilla/5.0 (Windows NT 6.0; rv:34.0) Gecko/20100101 Firefox/34.0"
128.68.208.19 - - [30/Jun/2018:15:42:55 -0500] "GET /admin.php HTTP/1.1" 301 551 "-" "Mozilla/5.0 (Windows NT 6.0; rv:34.0) Gecko/20100101 Firefox/34.0"
128.68.208.19 - - [30/Jun/2018:15:42:56 -0500] "GET /admin.php HTTP/1.1" 404 3807 "-" "Mozilla/5.0 (Windows NT 6.0; rv:34.0) Gecko/20100101 Firefox/34.0"
128.68.208.19 - - [30/Jun/2018:15:43:30 -0500] "GET /admin HTTP/1.1" 301 543 "-" "Mozilla/5.0 (Windows NT 6.0; rv:34.0) Gecko/20100101 Firefox/34.0"
128.68.208.19 - - [30/Jun/2018:15:43:31 -0500] "GET /admin HTTP/1.1" 404 3803 "-" "Mozilla/5.0 (Windows NT 6.0; rv:34.0) Gecko/20100101 Firefox/34.0"
168.1.128.34 - - [01/Jul/2018:03:34:17 -0500] "GET / HTTP/1.1\n" 400 3266 "-" "-"
52.53.201.78 - - [01/Jul/2018:05:31:58 -0500] "GET / HTTP/1.1" 301 545 "-" "Mozilla/5.0 (Macintosh; Intel Mac OS X 10_12_6) AppleWebKit/537.36 (KHTML, like Gecko) Chrome/61.0.3163.100 Safari/537.36"
52.53.201.78 - - [01/Jul/2018:05:31:59 -0500] "GET / HTTP/1.1" 200 3959 "http://www.alexandereconomy.com/" "Mozilla/5.0 (Macintosh; Intel Mac OS X 10_12_6) AppleWebKit/537.36 (KHTML, like Gecko) Chrome/61.0.3163.100 Safari/537.36"
164.52.24.162 - - [01/Jul/2018:08:09:54 -0500] "GET / HTTP/1.0" 400 0 "-" "-"
74.82.47.2 - - [01/Jul/2018:08:21:05 -0500] "GET / HTTP/1.1" 200 4211 "-" "-"
54.202.144.47 - - [01/Jul/2018:10:52:23 -0500] "\n" 400 3454 "-" "-"
69.58.178.58 - - [01/Jul/2018:13:06:31 -0500] "GET /robots.txt HTTP/1.1" 301 565 "-" "Mozilla/5.0 (compatible; ips-agent)"
69.58.178.58 - - [01/Jul/2018:13:06:31 -0500] "GET /robots.txt HTTP/1.1" 404 3788 "-" "Mozilla/5.0 (compatible; ips-agent)"
69.58.178.58 - - [01/Jul/2018:13:06:32 -0500] "GET / HTTP/1.1" 301 545 "-" "Mozilla/5.0 (compatible; ips-agent)"
69.58.178.58 - - [01/Jul/2018:13:06:32 -0500] "GET / HTTP/1.1" 200 936 "-" "Mozilla/5.0 (compatible; ips-agent)"
46.161.9.31 - - [02/Jul/2018:00:39:16 -0500] "GET / HTTP/1.0" 400 0 "-" "-"
137.226.113.26 - - [02/Jul/2018:02:53:17 -0500] "GET / HTTP/1.1" 200 3959 "-" "Mozilla/5.0 zgrab/0.x (compatible; Researchscan/t12sns; +http://researchscan.comsys.rwth-aachen.de)"
137.226.113.26 - - [02/Jul/2018:02:53:19 -0500] "GET / HTTP/1.1" 200 3959 "-" "Mozilla/5.0 zgrab/0.x (compatible; Researchscan/t12ca; +http://researchscan.comsys.rwth-aachen.de)"
66.249.65.97 - - [02/Jul/2018:04:46:52 -0500] "GET /robots.txt HTTP/1.1" 404 4059 "-" "Mozilla/5.0 (compatible; Googlebot/2.1; +http://www.google.com/bot.html)"
66.249.65.97 - - [02/Jul/2018:04:46:52 -0500] "GET / HTTP/1.1" 200 740 "-" "Mozilla/5.0 (compatible; Googlebot/2.1; +http://www.google.com/bot.html)"
66.249.65.97 - - [02/Jul/2018:04:46:54 -0500] "GET /node_modules/bootstrap/dist/css/animate.css HTTP/1.1" 200 4923 "https://www.alexandereconomy.com/" "Mozilla/5.0 AppleWebKit/537.36 (KHTML, like Gecko; compatible; Googlebot/2.1; +http://www.google.com/bot.html) Safari/537.36"
66.249.65.127 - - [02/Jul/2018:04:46:55 -0500] "GET /node_modules/bootstrap/dist/css/bootstrap.css HTTP/1.1" 200 25329 "https://www.alexandereconomy.com/" "Mozilla/5.0 AppleWebKit/537.36 (KHTML, like Gecko; compatible; Googlebot/2.1; +http://www.google.com/bot.html) Safari/537.36"
66.249.65.100 - - [02/Jul/2018:05:17:43 -0500] "GET / HTTP/1.1" 200 4226 "-" "Mozilla/5.0 (Linux; Android 6.0.1; Nexus 5X Build/MMB29P) AppleWebKit/537.36 (KHTML, like Gecko) Chrome/41.0.2272.96 Mobile Safari/537.36 (compatible; Googlebot/2.1; +http://www.google.com/bot.html)"
66.249.73.85 - - [02/Jul/2018:05:52:53 -0500] "GET /robots.txt HTTP/1.1" 301 609 "-" "Mozilla/5.0 (compatible; Googlebot/2.1; +http://www.google.com/bot.html)"
66.249.73.74 - - [02/Jul/2018:05:52:53 -0500] "GET /robots.txt HTTP/1.1" 404 4039 "-" "Mozilla/5.0 (compatible; Googlebot/2.1; +http://www.google.com/bot.html)"
66.249.73.81 - - [02/Jul/2018:05:52:53 -0500] "GET / HTTP/1.1" 301 589 "-" "Mozilla/5.0 (compatible; Googlebot/2.1; +http://www.google.com/bot.html)"
66.249.73.72 - - [02/Jul/2018:05:52:54 -0500] "GET / HTTP/1.1" 200 4210 "-" "Mozilla/5.0 (compatible; Googlebot/2.1; +http://www.google.com/bot.html)"
66.249.73.70 - - [02/Jul/2018:05:52:56 -0500] "GET /node_modules/bootstrap/dist/css/general.css HTTP/1.1" 200 7271 "https://alexandereconomy.com/" "Mozilla/5.0 AppleWebKit/537.36 (KHTML, like Gecko; compatible; Googlebot/2.1; +http://www.google.com/bot.html) Safari/537.36"
66.249.73.70 - - [02/Jul/2018:05:52:57 -0500] "GET /node_modules/bootstrap/dist/css/animate.css HTTP/1.1" 200 4923 "https://alexandereconomy.com/" "Mozilla/5.0 AppleWebKit/537.36 (KHTML, like Gecko; compatible; Googlebot/2.1; +http://www.google.com/bot.html) Safari/537.36"
66.249.73.72 - - [02/Jul/2018:05:52:57 -0500] "GET /node_modules/bootstrap/dist/css/bootstrap.css HTTP/1.1" 200 21843 "https://alexandereconomy.com/" "Mozilla/5.0 AppleWebKit/537.36 (KHTML, like Gecko; compatible; Googlebot/2.1; +http://www.google.com/bot.html) Safari/537.36"
13.57.233.99 - - [02/Jul/2018:07:32:51 -0500] "GET / HTTP/1.1" 200 3959 "-" "Mozilla/5.0 (Macintosh; Intel Mac OS X 10_12_6) AppleWebKit/537.36 (KHTML, like Gecko) Chrome/61.0.3163.100 Safari/537.36"
209.126.136.7 - - [02/Jul/2018:08:15:06 -0500] "GET / HTTP/1.1" 200 3955 "-" "Mozilla/5.0 (Windows NT 10.0; Win64; x64) AppleWebKit/537.36 (KHTML, like Gecko) Chrome/57.0.2987.133 Safari/537.36"
184.105.247.195 - - [02/Jul/2018:08:57:26 -0500] "GET / HTTP/1.1" 200 4211 "-" "-"
138.197.68.35 - - [02/Jul/2018:12:17:57 -0500] "HEAD / HTTP/1.1" 301 208 "http://www.netcraft.com/survey/" "Mozilla/4.0 (compatible; Netcraft Web Server Survey)"
209.97.145.220 - - [02/Jul/2018:14:15:23 -0500] "HEAD / HTTP/1.1" 301 212 "http://www.netcraft.com/survey/" "Mozilla/4.0 (compatible; Netcraft Web Server Survey)"
66.102.6.170 - - [11/Aug/2018:12:41:25 -0500] "GET / HTTP/1.1" 200 4210 "http://www.google.com/search" "Mozilla/5.0 (X11; Linux x86_64) AppleWebKit/537.36 (KHTML, like Gecko; Google Web Preview) Chrome/41.0.2272.118 Safari/537.36"
66.102.6.170 - - [11/Aug/2018:12:41:25 -0500] "GET /node_modules/bootstrap/dist/css/animate.css HTTP/1.1" 200 4923 "https://alexandereconomy.com/" "Mozilla/5.0 (X11; Linux x86_64) AppleWebKit/537.36 (KHTML, like Gecko; Google Web Preview) Chrome/41.0.2272.118 Safari/537.36"
66.102.6.168 - - [11/Aug/2018:12:41:25 -0500] "GET /node_modules/bootstrap/dist/css/bootstrap.css HTTP/1.1" 200 25313 "https://alexandereconomy.com/" "Mozilla/5.0 (X11; Linux x86_64) AppleWebKit/537.36 (KHTML, like Gecko; Google Web Preview) Chrome/41.0.2272.118 Safari/537.36"
66.102.6.168 - - [11/Aug/2018:12:41:25 -0500] "GET /node_modules/bootstrap/dist/css/general.css HTTP/1.1" 200 7271 "https://alexandereconomy.com/" "Mozilla/5.0 (X11; Linux x86_64) AppleWebKit/537.36 (KHTML, like Gecko; Google Web Preview) Chrome/41.0.2272.118 Safari/537.36"
47.186.194.67 - - [11/Aug/2018:12:41:25 -0500] "GET / HTTP/1.1" 200 4225 "-" "Mozilla/5.0 (Windows NT 10.0; Win64; x64) AppleWebKit/537.36 (KHTML, like Gecko) Chrome/68.0.3440.106 Safari/537.36"
66.102.6.170 - - [11/Aug/2018:12:41:25 -0500] "GET /node_modules/bootstrap/dist/img/background/black-thread.png HTTP/1.1" 200 1125 "https://alexandereconomy.com/node_modules/bootstrap/dist/css/general.css" "Mozilla/5.0 (X11; Linux x86_64) AppleWebKit/537.36 (KHTML, like Gecko; Google Web Preview) Chrome/41.0.2272.118 Safari/537.36"
47.186.194.67 - - [11/Aug/2018:12:41:25 -0500] "GET /node_modules/bootstrap/dist/css/animate.css HTTP/1.1" 200 8408 "https://alexandereconomy.com/" "Mozilla/5.0 (Windows NT 10.0; Win64; x64) AppleWebKit/537.36 (KHTML, like Gecko) Chrome/68.0.3440.106 Safari/537.36"
47.186.194.67 - - [11/Aug/2018:12:41:25 -0500] "GET /node_modules/bootstrap/dist/css/general.css HTTP/1.1" 200 3801 "https://alexandereconomy.com/" "Mozilla/5.0 (Windows NT 10.0; Win64; x64) AppleWebKit/537.36 (KHTML, like Gecko) Chrome/68.0.3440.106 Safari/537.36"
47.186.194.67 - - [11/Aug/2018:12:41:25 -0500] "GET /node_modules/bootstrap/dist/css/bootstrap.css HTTP/1.1" 200 21843 "https://alexandereconomy.com/" "Mozilla/5.0 (Windows NT 10.0; Win64; x64) AppleWebKit/537.36 (KHTML, like Gecko) Chrome/68.0.3440.106 Safari/537.36"
47.186.194.67 - - [11/Aug/2018:12:41:25 -0500] "GET /node_modules/bootstrap/dist/img/background/black-thread.png HTTP/1.1" 200 1125 "https://alexandereconomy.com/node_modules/bootstrap/dist/css/general.css" "Mozilla/5.0 (Windows NT 10.0; Win64; x64) AppleWebKit/537.36 (KHTML, like Gecko) Chrome/68.0.3440.106 Safari/537.36"
47.186.194.67 - - [11/Aug/2018:12:41:25 -0500] "GET /node_modules/bootstrap/dist/img/content/alex.png HTTP/1.1" 200 49225 "https://alexandereconomy.com/" "Mozilla/5.0 (Windows NT 10.0; Win64; x64) AppleWebKit/537.36 (KHTML, like Gecko) Chrome/68.0.3440.106 Safari/537.36"
194.67.218.199 - - [11/Aug/2018:14:36:05 -0500] "GET /.git/config HTTP/1.1" 404 3778 "-" "Go-http-client/1.1"
212.129.50.159 - - [11/Aug/2018:16:48:53 -0500] "GET / HTTP/1.1" 200 4278 "-" "-"
60.191.38.77 - - [11/Aug/2018:18:51:17 -0500] "GET / HTTP/1.1" 200 4446 "-" "Mozilla/5.0 (Macintosh; Intel Mac OS X 10.11; rv:47.0) Gecko/20100101 Firefox/47.0"
164.52.24.162 - - [11/Aug/2018:21:58:08 -0500] "GET / HTTP/1.0" 400 0 "-" "-"
175.196.127.153 - - [12/Aug/2018:04:04:39 -0500] "GET / HTTP/1.1" 301 589 "-" "Mozilla/5.0 (Linux; Android 4.4.2; Nexus 4 Build/KOT49H) AppleWebKit/537.36 (KHTML, like Gecko) Chrome/34.0.1847.114 Mobile Safari/537.36"
175.196.127.153 - - [12/Aug/2018:04:04:40 -0500] "GET / HTTP/1.1" 200 4266 "-" "Mozilla/5.0 (Linux; Android 4.4.2; Nexus 4 Build/KOT49H) AppleWebKit/537.36 (KHTML, like Gecko) Chrome/34.0.1847.114 Mobile Safari/537.36"
175.196.127.153 - - [12/Aug/2018:04:04:40 -0500] "GET /node_modules/bootstrap/dist/img/content/alex.png HTTP/1.1" 200 49225 "-" "Mozilla/5.0 (Linux; Android 4.4.2; Nexus 4 Build/KOT49H) AppleWebKit/537.36 (KHTML, like Gecko) Chrome/34.0.1847.114 Mobile Safari/537.36"
175.196.127.153 - - [12/Aug/2018:04:04:41 -0500] "GET /node_modules/bootstrap/dist/css/animate.css HTTP/1.1" 200 75674 "-" "Mozilla/5.0 (Linux; Android 4.4.2; Nexus 4 Build/KOT49H) AppleWebKit/537.36 (KHTML, like Gecko) Chrome/34.0.1847.114 Mobile Safari/537.36"
175.196.127.153 - - [12/Aug/2018:04:04:41 -0500] "GET /node_modules/bootstrap/dist/css/bootstrap.css HTTP/1.1" 200 146611 "-" "Mozilla/5.0 (Linux; Android 4.4.2; Nexus 4 Build/KOT49H) AppleWebKit/537.36 (KHTML, like Gecko) Chrome/34.0.1847.114 Mobile Safari/537.36"
175.196.127.153 - - [12/Aug/2018:04:04:44 -0500] "GET /node_modules/bootstrap/dist/css/general.css HTTP/1.1" 200 15807 "-" "Mozilla/5.0 (Linux; Android 4.4.2; Nexus 4 Build/KOT49H) AppleWebKit/537.36 (KHTML, like Gecko) Chrome/34.0.1847.114 Mobile Safari/537.36"
74.82.47.4 - - [12/Aug/2018:09:48:32 -0500] "GET / HTTP/1.1" 200 4211 "-" "-"
163.172.4.153 - - [12/Aug/2018:11:47:27 -0500] "GET / HTTP/1.1" 301 533 "http://alexandereconomy.com/" "Mozilla/5.0 (Windows NT 6.1; WOW64; rv:45.0) Gecko/20100101 Firefox/45.0"
163.172.4.153 - - [12/Aug/2018:11:47:27 -0500] "GET / HTTP/1.1" 200 3964 "https://alexandereconomy.com/" "Mozilla/5.0 (Windows NT 10.0; WOW64; rv:53.0) Gecko/20100101 Firefox/53.0"
66.102.7.38 - - [12/Aug/2018:17:02:53 -0500] "GET / HTTP/1.1" 200 4210 "-" "Mozilla/5.0 (X11; Linux x86_64) AppleWebKit/537.36 (KHTML, like Gecko) Chrome/49.0.2623.75 Safari/537.36 Google Favicon"
66.102.7.42 - - [12/Aug/2018:17:02:53 -0500] "GET /node_modules/bootstrap/dist/img/content/alex.png HTTP/1.1" 200 52695 "-" "Mozilla/5.0 (X11; Linux x86_64) AppleWebKit/537.36 (KHTML, like Gecko) Chrome/49.0.2623.75 Safari/537.36 Google Favicon"
60.191.38.77 - - [13/Aug/2018:00:07:03 -0500] "GET / HTTP/1.1" 200 4446 "-" "Mozilla/5.0 (Macintosh; Intel Mac OS X 10.11; rv:47.0) Gecko/20100101 Firefox/47.0"
192.241.200.51 - - [13/Aug/2018:01:14:30 -0500] "GET / HTTP/1.1" 200 3955 "-" "Mozilla/5.0 zgrab/0.x"
52.53.201.78 - - [13/Aug/2018:01:26:39 -0500] "GET / HTTP/1.1" 301 545 "-" "Mozilla/5.0 (Macintosh; Intel Mac OS X 10_12_6) AppleWebKit/537.36 (KHTML, like Gecko) Chrome/61.0.3163.100 Safari/537.36"
52.53.201.78 - - [13/Aug/2018:01:26:40 -0500] "GET / HTTP/1.1" 200 3959 "http://www.alexandereconomy.com/" "Mozilla/5.0 (Macintosh; Intel Mac OS X 10_12_6) AppleWebKit/537.36 (KHTML, like Gecko) Chrome/61.0.3163.100 Safari/537.36"
192.162.102.25 - - [13/Aug/2018:04:46:05 -0500] "GET / HTTP/1.1" 301 552 "-" "Mozilla/5.0 (X11; Linux x86_64) AppleWebKit/537.36 (KHTML, like Gecko) Chrome/46.0.2490.80 Safari/537.36"
5.57.160.163 - - [13/Aug/2018:05:31:08 -0500] "GET / HTTP/1.1" 200 4226 "-" "curl/7.43.0"
185.234.218.16 - - [13/Aug/2018:06:25:01 -0500] "GET / HTTP/1.1" 200 4139 "-" "Mozilla/5.0 (Windows NT 5.1; rv:9.0.1) Gecko/20100101 Firefox/9.0.1"
185.234.218.16 - - [13/Aug/2018:06:25:01 -0500] "GET /HNAP1/ HTTP/1.1" 404 3957 "https://23.239.24.151/" "Mozilla/5.0 (Windows NT 5.1; rv:9.0.1) Gecko/20100101 Firefox/9.0.1"
184.105.139.69 - - [13/Aug/2018:09:40:18 -0500] "GET / HTTP/1.1" 200 4211 "-" "-"
67.21.36.3 - - [13/Aug/2018:15:27:37 -0500] "GET /robots.txt HTTP/1.1" 404 3777 "-" "Mozilla/5.0 zgrab/0.x"
47.186.194.67 - - [13/Aug/2018:15:57:46 -0500] "GET / HTTP/1.1" 200 4225 "-" "Mozilla/5.0 (Windows NT 10.0; Win64; x64) AppleWebKit/537.36 (KHTML, like Gecko) Chrome/68.0.3440.106 Safari/537.36"
47.186.194.67 - - [13/Aug/2018:15:57:46 -0500] "GET /node_modules/bootstrap/dist/css/general.css HTTP/1.1" 200 3801 "https://alexandereconomy.com/" "Mozilla/5.0 (Windows NT 10.0; Win64; x64) AppleWebKit/537.36 (KHTML, like Gecko) Chrome/68.0.3440.106 Safari/537.36"
47.186.194.67 - - [13/Aug/2018:15:57:46 -0500] "GET /node_modules/bootstrap/dist/css/animate.css HTTP/1.1" 200 8408 "https://alexandereconomy.com/" "Mozilla/5.0 (Windows NT 10.0; Win64; x64) AppleWebKit/537.36 (KHTML, like Gecko) Chrome/68.0.3440.106 Safari/537.36"
47.186.194.67 - - [13/Aug/2018:15:57:46 -0500] "GET /node_modules/bootstrap/dist/css/bootstrap.css HTTP/1.1" 200 21843 "https://alexandereconomy.com/" "Mozilla/5.0 (Windows NT 10.0; Win64; x64) AppleWebKit/537.36 (KHTML, like Gecko) Chrome/68.0.3440.106 Safari/537.36"
47.186.194.67 - - [13/Aug/2018:15:57:46 -0500] "GET /node_modules/bootstrap/dist/img/background/black-thread.png HTTP/1.1" 200 1125 "https://alexandereconomy.com/node_modules/bootstrap/dist/css/general.css" "Mozilla/5.0 (Windows NT 10.0; Win64; x64) AppleWebKit/537.36 (KHTML, like Gecko) Chrome/68.0.3440.106 Safari/537.36"
47.186.194.67 - - [13/Aug/2018:16:00:46 -0500] "GET / HTTP/1.1" 200 1042 "-" "Mozilla/5.0 (Windows NT 10.0; Win64; x64) AppleWebKit/537.36 (KHTML, like Gecko) Chrome/68.0.3440.106 Safari/537.36"
47.186.194.67 - - [13/Aug/2018:16:00:46 -0500] "GET /node_modules/bootstrap/dist/css/animate.css HTTP/1.1" 200 5076 "https://alexandereconomy.com/" "Mozilla/5.0 (Windows NT 10.0; Win64; x64) AppleWebKit/537.36 (KHTML, like Gecko) Chrome/68.0.3440.106 Safari/537.36"
47.186.194.67 - - [13/Aug/2018:16:00:46 -0500] "GET /node_modules/bootstrap/dist/css/general.css HTTP/1.1" 200 3801 "https://alexandereconomy.com/" "Mozilla/5.0 (Windows NT 10.0; Win64; x64) AppleWebKit/537.36 (KHTML, like Gecko) Chrome/68.0.3440.106 Safari/537.36"
47.186.194.67 - - [13/Aug/2018:16:00:46 -0500] "GET /node_modules/bootstrap/dist/css/sidebar.css HTTP/1.1" 404 602 "https://alexandereconomy.com/" "Mozilla/5.0 (Windows NT 10.0; Win64; x64) AppleWebKit/537.36 (KHTML, like Gecko) Chrome/68.0.3440.106 Safari/537.36"
47.186.194.67 - - [13/Aug/2018:16:00:46 -0500] "GET /node_modules/bootstrap/dist/css/bootstrap.css HTTP/1.1" 200 21843 "https://alexandereconomy.com/" "Mozilla/5.0 (Windows NT 10.0; Win64; x64) AppleWebKit/537.36 (KHTML, like Gecko) Chrome/68.0.3440.106 Safari/537.36"
